2026-02-14T08:26:01.553Z LOG [NestFactory] Starting Nest application...
2026-02-14T08:26:01.561Z LOG [InstanceLoader] ThrottlerModule dependencies initialized
2026-02-14T08:26:01.561Z LOG [InstanceLoader] ConfigHostModule dependencies initialized
2026-02-14T08:26:01.561Z LOG [InstanceLoader] AppModule dependencies initialized
2026-02-14T08:26:01.561Z LOG [InstanceLoader] ConfigModule dependencies initialized
2026-02-14T08:26:01.561Z LOG [InstanceLoader] ConfigModule dependencies initialized
2026-02-14T08:26:01.567Z LOG [InstanceLoader] PrismaModule dependencies initialized
2026-02-14T08:26:01.568Z LOG [InstanceLoader] HealthModule dependencies initialized
2026-02-14T08:26:01.568Z LOG [InstanceLoader] UsersModule dependencies initialized
2026-02-14T08:26:01.568Z LOG [InstanceLoader] AuthModule dependencies initialized
2026-02-14T08:26:01.569Z LOG [InstanceLoader] ItemsGroupMasterModule dependencies initialized
2026-02-14T08:26:01.569Z LOG [InstanceLoader] ItemsBrandMasterModule dependencies initialized
2026-02-14T08:26:01.569Z LOG [InstanceLoader] ItemsSectionMasterModule dependencies initialized
2026-02-14T08:26:01.569Z LOG [InstanceLoader] UnitsMasterModule dependencies initialized
2026-02-14T08:26:01.599Z LOG [RoutesResolver] HealthController {/api/health} (version: 1):
2026-02-14T08:26:01.600Z LOG [RouterExplorer] Mapped {/api/health, GET} (version: 1) route
2026-02-14T08:26:01.600Z LOG [RoutesResolver] UsersController {/api/users} (version: 1):
2026-02-14T08:26:01.600Z LOG [RouterExplorer] Mapped {/api/users, POST} (version: 1) route
2026-02-14T08:26:01.600Z LOG [RouterExplorer] Mapped {/api/users, GET} (version: 1) route
2026-02-14T08:26:01.601Z LOG [RouterExplorer] Mapped {/api/users/:id, GET} (version: 1) route
2026-02-14T08:26:01.601Z LOG [RouterExplorer] Mapped {/api/users/:id, PATCH} (version: 1) route
2026-02-14T08:26:01.601Z LOG [RouterExplorer] Mapped {/api/users/:id, DELETE} (version: 1) route
2026-02-14T08:26:01.601Z LOG [RoutesResolver] ItemsGroupMasterController {/api/item-groups} (version: 1):
2026-02-14T08:26:01.601Z LOG [RouterExplorer] Mapped {/api/item-groups/create, POST} (version: 1) route
2026-02-14T08:26:01.602Z LOG [RouterExplorer] Mapped {/api/item-groups/list, GET} (version: 1) route
2026-02-14T08:26:01.602Z LOG [RouterExplorer] Mapped {/api/item-groups/get/:itg_id, GET} (version: 1) route
2026-02-14T08:26:01.602Z LOG [RouterExplorer] Mapped {/api/item-groups/delete/:itg_id, DELETE} (version: 1) route
2026-02-14T08:26:01.602Z LOG [RoutesResolver] ItemsBrandMasterController {/api/item-brands} (version: 1):
2026-02-14T08:26:01.603Z LOG [RouterExplorer] Mapped {/api/item-brands/create, POST} (version: 1) route
2026-02-14T08:26:01.603Z LOG [RouterExplorer] Mapped {/api/item-brands/list, GET} (version: 1) route
2026-02-14T08:26:01.603Z LOG [RouterExplorer] Mapped {/api/item-brands/get/:brand_id, GET} (version: 1) route
2026-02-14T08:26:01.603Z LOG [RouterExplorer] Mapped {/api/item-brands/delete/:brand_id, DELETE} (version: 1) route
2026-02-14T08:26:01.603Z LOG [RoutesResolver] ItemsSectionMasterController {/api/item-sections} (version: 1):
2026-02-14T08:26:01.603Z LOG [RouterExplorer] Mapped {/api/item-sections/create, POST} (version: 1) route
2026-02-14T08:26:01.604Z LOG [RouterExplorer] Mapped {/api/item-sections/list, GET} (version: 1) route
2026-02-14T08:26:01.604Z LOG [RouterExplorer] Mapped {/api/item-sections/get/:sec_id, GET} (version: 1) route
2026-02-14T08:26:01.604Z LOG [RouterExplorer] Mapped {/api/item-sections/delete/:sec_id, DELETE} (version: 1) route
2026-02-14T08:26:01.604Z LOG [RoutesResolver] UnitsMasterController {/api/units} (version: 1):
2026-02-14T08:26:01.604Z LOG [RouterExplorer] Mapped {/api/units/create, POST} (version: 1) route
2026-02-14T08:26:01.604Z LOG [RouterExplorer] Mapped {/api/units/list, GET} (version: 1) route
2026-02-14T08:26:01.604Z LOG [RouterExplorer] Mapped {/api/units/get/:unit_id, GET} (version: 1) route
2026-02-14T08:26:01.604Z LOG [RouterExplorer] Mapped {/api/units/delete/:unit_id, DELETE} (version: 1) route
2026-02-14T08:26:01.605Z LOG [RoutesResolver] AuthController {/api/auth} (version: 1):
2026-02-14T08:26:01.605Z LOG [RouterExplorer] Mapped {/api/auth/login, POST} (version: 1) route
2026-02-14T08:26:01.606Z LOG [NestApplication] Nest application successfully started
2026-02-14T08:26:01.608Z ERROR [NestApplication] Error: listen EPERM: operation not permitted 0.0.0.0:3010
2026-02-14T08:26:29.656Z LOG [NestFactory] Starting Nest application...
2026-02-14T08:26:29.664Z LOG [InstanceLoader] ThrottlerModule dependencies initialized
2026-02-14T08:26:29.664Z LOG [InstanceLoader] ConfigHostModule dependencies initialized
2026-02-14T08:26:29.664Z LOG [InstanceLoader] AppModule dependencies initialized
2026-02-14T08:26:29.664Z LOG [InstanceLoader] ConfigModule dependencies initialized
2026-02-14T08:26:29.664Z LOG [InstanceLoader] ConfigModule dependencies initialized
2026-02-14T08:26:29.666Z LOG [InstanceLoader] PrismaModule dependencies initialized
2026-02-14T08:26:29.667Z LOG [InstanceLoader] HealthModule dependencies initialized
2026-02-14T08:26:29.667Z LOG [InstanceLoader] UsersModule dependencies initialized
2026-02-14T08:26:29.667Z LOG [InstanceLoader] AuthModule dependencies initialized
2026-02-14T08:26:29.667Z LOG [InstanceLoader] ItemsGroupMasterModule dependencies initialized
2026-02-14T08:26:29.667Z LOG [InstanceLoader] ItemsBrandMasterModule dependencies initialized
2026-02-14T08:26:29.667Z LOG [InstanceLoader] ItemsSectionMasterModule dependencies initialized
2026-02-14T08:26:29.668Z LOG [InstanceLoader] UnitsMasterModule dependencies initialized
2026-02-14T08:26:29.695Z LOG [RoutesResolver] HealthController {/api/health} (version: 1):
2026-02-14T08:26:29.695Z LOG [RouterExplorer] Mapped {/api/health, GET} (version: 1) route
2026-02-14T08:26:29.695Z LOG [RoutesResolver] UsersController {/api/users} (version: 1):
2026-02-14T08:26:29.695Z LOG [RouterExplorer] Mapped {/api/users, POST} (version: 1) route
2026-02-14T08:26:29.696Z LOG [RouterExplorer] Mapped {/api/users, GET} (version: 1) route
2026-02-14T08:26:29.696Z LOG [RouterExplorer] Mapped {/api/users/:id, GET} (version: 1) route
2026-02-14T08:26:29.696Z LOG [RouterExplorer] Mapped {/api/users/:id, PATCH} (version: 1) route
2026-02-14T08:26:29.696Z LOG [RouterExplorer] Mapped {/api/users/:id, DELETE} (version: 1) route
2026-02-14T08:26:29.696Z LOG [RoutesResolver] ItemsGroupMasterController {/api/item-groups} (version: 1):
2026-02-14T08:26:29.697Z LOG [RouterExplorer] Mapped {/api/item-groups/create, POST} (version: 1) route
2026-02-14T08:26:29.697Z LOG [RouterExplorer] Mapped {/api/item-groups/list, GET} (version: 1) route
2026-02-14T08:26:29.697Z LOG [RouterExplorer] Mapped {/api/item-groups/get/:itg_id, GET} (version: 1) route
2026-02-14T08:26:29.697Z LOG [RouterExplorer] Mapped {/api/item-groups/delete/:itg_id, DELETE} (version: 1) route
2026-02-14T08:26:29.697Z LOG [RoutesResolver] ItemsBrandMasterController {/api/item-brands} (version: 1):
2026-02-14T08:26:29.697Z LOG [RouterExplorer] Mapped {/api/item-brands/create, POST} (version: 1) route
2026-02-14T08:26:29.698Z LOG [RouterExplorer] Mapped {/api/item-brands/list, GET} (version: 1) route
2026-02-14T08:26:29.698Z LOG [RouterExplorer] Mapped {/api/item-brands/get/:brand_id, GET} (version: 1) route
2026-02-14T08:26:29.698Z LOG [RouterExplorer] Mapped {/api/item-brands/delete/:brand_id, DELETE} (version: 1) route
2026-02-14T08:26:29.698Z LOG [RoutesResolver] ItemsSectionMasterController {/api/item-sections} (version: 1):
2026-02-14T08:26:29.698Z LOG [RouterExplorer] Mapped {/api/item-sections/create, POST} (version: 1) route
2026-02-14T08:26:29.698Z LOG [RouterExplorer] Mapped {/api/item-sections/list, GET} (version: 1) route
2026-02-14T08:26:29.698Z LOG [RouterExplorer] Mapped {/api/item-sections/get/:sec_id, GET} (version: 1) route
2026-02-14T08:26:29.699Z LOG [RouterExplorer] Mapped {/api/item-sections/delete/:sec_id, DELETE} (version: 1) route
2026-02-14T08:26:29.699Z LOG [RoutesResolver] UnitsMasterController {/api/units} (version: 1):
2026-02-14T08:26:29.699Z LOG [RouterExplorer] Mapped {/api/units/create, POST} (version: 1) route
2026-02-14T08:26:29.699Z LOG [RouterExplorer] Mapped {/api/units/list, GET} (version: 1) route
2026-02-14T08:26:29.699Z LOG [RouterExplorer] Mapped {/api/units/get/:unit_id, GET} (version: 1) route
2026-02-14T08:26:29.699Z LOG [RouterExplorer] Mapped {/api/units/delete/:unit_id, DELETE} (version: 1) route
2026-02-14T08:26:29.699Z LOG [RoutesResolver] AuthController {/api/auth} (version: 1):
2026-02-14T08:26:29.699Z LOG [RouterExplorer] Mapped {/api/auth/login, POST} (version: 1) route
2026-02-14T08:26:29.700Z LOG [NestApplication] Nest application successfully started
2026-02-14T08:26:29.701Z ERROR [NestApplication] Error: listen EPERM: operation not permitted 0.0.0.0:3010
2026-02-14T08:27:22.021Z LOG [NestFactory] Starting Nest application...
2026-02-14T08:27:22.029Z LOG [InstanceLoader] ThrottlerModule dependencies initialized
2026-02-14T08:27:22.029Z LOG [InstanceLoader] ConfigHostModule dependencies initialized
2026-02-14T08:27:22.029Z LOG [InstanceLoader] AppModule dependencies initialized
2026-02-14T08:27:22.029Z LOG [InstanceLoader] ConfigModule dependencies initialized
2026-02-14T08:27:22.029Z LOG [InstanceLoader] ConfigModule dependencies initialized
2026-02-14T08:27:22.032Z LOG [InstanceLoader] PrismaModule dependencies initialized
2026-02-14T08:27:22.032Z LOG [InstanceLoader] HealthModule dependencies initialized
2026-02-14T08:27:22.033Z LOG [InstanceLoader] UsersModule dependencies initialized
2026-02-14T08:27:22.033Z LOG [InstanceLoader] AuthModule dependencies initialized
2026-02-14T08:27:22.033Z LOG [InstanceLoader] ItemsGroupMasterModule dependencies initialized
2026-02-14T08:27:22.033Z LOG [InstanceLoader] ItemsBrandMasterModule dependencies initialized
2026-02-14T08:27:22.033Z LOG [InstanceLoader] ItemsSectionMasterModule dependencies initialized
2026-02-14T08:27:22.033Z LOG [InstanceLoader] UnitsMasterModule dependencies initialized
2026-02-14T08:27:22.067Z LOG [RoutesResolver] HealthController {/api/health} (version: 1):
2026-02-14T08:27:22.067Z LOG [RouterExplorer] Mapped {/api/health, GET} (version: 1) route
2026-02-14T08:27:22.067Z LOG [RoutesResolver] UsersController {/api/users} (version: 1):
2026-02-14T08:27:22.067Z LOG [RouterExplorer] Mapped {/api/users, POST} (version: 1) route
2026-02-14T08:27:22.068Z LOG [RouterExplorer] Mapped {/api/users, GET} (version: 1) route
2026-02-14T08:27:22.068Z LOG [RouterExplorer] Mapped {/api/users/:id, GET} (version: 1) route
2026-02-14T08:27:22.068Z LOG [RouterExplorer] Mapped {/api/users/:id, PATCH} (version: 1) route
2026-02-14T08:27:22.069Z LOG [RouterExplorer] Mapped {/api/users/:id, DELETE} (version: 1) route
2026-02-14T08:27:22.069Z LOG [RoutesResolver] ItemsGroupMasterController {/api/item-groups} (version: 1):
2026-02-14T08:27:22.069Z LOG [RouterExplorer] Mapped {/api/item-groups/create, POST} (version: 1) route
2026-02-14T08:27:22.069Z LOG [RouterExplorer] Mapped {/api/item-groups/list, GET} (version: 1) route
2026-02-14T08:27:22.070Z LOG [RouterExplorer] Mapped {/api/item-groups/get/:itg_id, GET} (version: 1) route
2026-02-14T08:27:22.070Z LOG [RouterExplorer] Mapped {/api/item-groups/delete/:itg_id, DELETE} (version: 1) route
2026-02-14T08:27:22.070Z LOG [RoutesResolver] ItemsBrandMasterController {/api/item-brands} (version: 1):
2026-02-14T08:27:22.070Z LOG [RouterExplorer] Mapped {/api/item-brands/create, POST} (version: 1) route
2026-02-14T08:27:22.070Z LOG [RouterExplorer] Mapped {/api/item-brands/list, GET} (version: 1) route
2026-02-14T08:27:22.071Z LOG [RouterExplorer] Mapped {/api/item-brands/get/:brand_id, GET} (version: 1) route
2026-02-14T08:27:22.071Z LOG [RouterExplorer] Mapped {/api/item-brands/delete/:brand_id, DELETE} (version: 1) route
2026-02-14T08:27:22.071Z LOG [RoutesResolver] ItemsSectionMasterController {/api/item-sections} (version: 1):
2026-02-14T08:27:22.071Z LOG [RouterExplorer] Mapped {/api/item-sections/create, POST} (version: 1) route
2026-02-14T08:27:22.071Z LOG [RouterExplorer] Mapped {/api/item-sections/list, GET} (version: 1) route
2026-02-14T08:27:22.071Z LOG [RouterExplorer] Mapped {/api/item-sections/get/:sec_id, GET} (version: 1) route
2026-02-14T08:27:22.072Z LOG [RouterExplorer] Mapped {/api/item-sections/delete/:sec_id, DELETE} (version: 1) route
2026-02-14T08:27:22.072Z LOG [RoutesResolver] UnitsMasterController {/api/units} (version: 1):
2026-02-14T08:27:22.072Z LOG [RouterExplorer] Mapped {/api/units/create, POST} (version: 1) route
2026-02-14T08:27:22.072Z LOG [RouterExplorer] Mapped {/api/units/list, GET} (version: 1) route
2026-02-14T08:27:22.072Z LOG [RouterExplorer] Mapped {/api/units/get/:unit_id, GET} (version: 1) route
2026-02-14T08:27:22.072Z LOG [RouterExplorer] Mapped {/api/units/delete/:unit_id, DELETE} (version: 1) route
2026-02-14T08:27:22.072Z LOG [RoutesResolver] AuthController {/api/auth} (version: 1):
2026-02-14T08:27:22.073Z LOG [RouterExplorer] Mapped {/api/auth/login, POST} (version: 1) route
2026-02-14T08:27:22.074Z LOG [NestApplication] Nest application successfully started
2026-02-14T08:27:22.180Z LOG [Bootstrap] API docs URL: https://[::1]:3010/api/docs
2026-02-14T08:27:22.180Z LOG [Bootstrap] DB connected: true
2026-02-14T08:28:36.876Z LOG [RequestLoggerMiddleware] GET /api/docs/swagger-ui.css 404 - 1.3ms
2026-02-14T08:28:39.844Z LOG [RequestLoggerMiddleware] GET /api/docs/swagger-ui.css 404 - 0.8ms
2026-02-14T08:28:40.841Z LOG [RequestLoggerMiddleware] GET /api/docs/swagger-ui.css 404 - 0.4ms
2026-02-14T08:28:53.833Z LOG [RequestLoggerMiddleware] GET /api/docs/swagger-ui.css 404 - 0.4ms
2026-02-14T08:28:54.694Z LOG [RequestLoggerMiddleware] GET /api/docs/swagger-ui.css 404 - 0.5ms
2026-02-14T08:28:55.533Z LOG [RequestLoggerMiddleware] GET /api/docs/swagger-ui.css 404 - 0.7ms
2026-02-14T08:29:06.914Z LOG [RequestLoggerMiddleware] GET /api/v1/item-groups/list 304 - 9.9ms
2026-02-14T08:29:08.089Z LOG [RequestLoggerMiddleware] GET /api/v1/item-groups/list 304 - 5.2ms
2026-02-14T08:29:09.168Z LOG [RequestLoggerMiddleware] GET /api/v1/item-groups/list 304 - 3.1ms
2026-02-14T08:29:39.619Z LOG [RequestLoggerMiddleware] GET /api/v1/item-groups/list 304 - 2.7ms
2026-02-14T08:30:02.440Z LOG [RequestLoggerMiddleware] POST /api/v1/item-groups/create 201 - 4.2ms
2026-02-14T08:30:02.448Z LOG [RequestLoggerMiddleware] GET /api/v1/item-groups/list 200 - 3.9ms
2026-02-14T10:33:35.169Z LOG [NestFactory] Starting Nest application...
2026-02-14T10:33:35.176Z LOG [InstanceLoader] ThrottlerModule dependencies initialized
2026-02-14T10:33:35.176Z LOG [InstanceLoader] ConfigHostModule dependencies initialized
2026-02-14T10:33:35.176Z LOG [InstanceLoader] AppModule dependencies initialized
2026-02-14T10:33:35.176Z LOG [InstanceLoader] ConfigModule dependencies initialized
2026-02-14T10:33:35.176Z LOG [InstanceLoader] ConfigModule dependencies initialized
2026-02-14T10:33:35.178Z LOG [InstanceLoader] PrismaModule dependencies initialized
2026-02-14T10:33:35.179Z LOG [InstanceLoader] HealthModule dependencies initialized
2026-02-14T10:33:35.179Z LOG [InstanceLoader] UsersModule dependencies initialized
2026-02-14T10:33:35.180Z LOG [InstanceLoader] AuthModule dependencies initialized
2026-02-14T10:33:35.180Z LOG [InstanceLoader] ItemsGroupMasterModule dependencies initialized
2026-02-14T10:33:35.180Z LOG [InstanceLoader] ItemsBrandMasterModule dependencies initialized
2026-02-14T10:33:35.180Z LOG [InstanceLoader] ItemsSectionMasterModule dependencies initialized
2026-02-14T10:33:35.180Z LOG [InstanceLoader] UnitsMasterModule dependencies initialized
2026-02-14T10:33:35.212Z LOG [RoutesResolver] HealthController {/api/health} (version: 1):
2026-02-14T10:33:35.212Z LOG [RouterExplorer] Mapped {/api/health, GET} (version: 1) route
2026-02-14T10:33:35.213Z LOG [RoutesResolver] UsersController {/api/users} (version: 1):
2026-02-14T10:33:35.213Z LOG [RouterExplorer] Mapped {/api/users, POST} (version: 1) route
2026-02-14T10:33:35.213Z LOG [RouterExplorer] Mapped {/api/users, GET} (version: 1) route
2026-02-14T10:33:35.213Z LOG [RouterExplorer] Mapped {/api/users/:id, GET} (version: 1) route
2026-02-14T10:33:35.213Z LOG [RouterExplorer] Mapped {/api/users/:id, PATCH} (version: 1) route
2026-02-14T10:33:35.214Z LOG [RouterExplorer] Mapped {/api/users/:id, DELETE} (version: 1) route
2026-02-14T10:33:35.214Z LOG [RoutesResolver] ItemsGroupMasterController {/api/item-groups} (version: 1):
2026-02-14T10:33:35.214Z LOG [RouterExplorer] Mapped {/api/item-groups/create, POST} (version: 1) route
2026-02-14T10:33:35.214Z LOG [RouterExplorer] Mapped {/api/item-groups/list, GET} (version: 1) route
2026-02-14T10:33:35.215Z LOG [RouterExplorer] Mapped {/api/item-groups/get/:itg_id, GET} (version: 1) route
2026-02-14T10:33:35.215Z LOG [RouterExplorer] Mapped {/api/item-groups/delete/:itg_id, DELETE} (version: 1) route
2026-02-14T10:33:35.215Z LOG [RoutesResolver] ItemsBrandMasterController {/api/item-brands} (version: 1):
2026-02-14T10:33:35.215Z LOG [RouterExplorer] Mapped {/api/item-brands/create, POST} (version: 1) route
2026-02-14T10:33:35.216Z LOG [RouterExplorer] Mapped {/api/item-brands/list, GET} (version: 1) route
2026-02-14T10:33:35.216Z LOG [RouterExplorer] Mapped {/api/item-brands/get/:brand_id, GET} (version: 1) route
2026-02-14T10:33:35.216Z LOG [RouterExplorer] Mapped {/api/item-brands/delete/:brand_id, DELETE} (version: 1) route
2026-02-14T10:33:35.216Z LOG [RoutesResolver] ItemsSectionMasterController {/api/item-sections} (version: 1):
2026-02-14T10:33:35.216Z LOG [RouterExplorer] Mapped {/api/item-sections/create, POST} (version: 1) route
2026-02-14T10:33:35.216Z LOG [RouterExplorer] Mapped {/api/item-sections/list, GET} (version: 1) route
2026-02-14T10:33:35.216Z LOG [RouterExplorer] Mapped {/api/item-sections/get/:sec_id, GET} (version: 1) route
2026-02-14T10:33:35.217Z LOG [RouterExplorer] Mapped {/api/item-sections/delete/:sec_id, DELETE} (version: 1) route
2026-02-14T10:33:35.217Z LOG [RoutesResolver] UnitsMasterController {/api/units} (version: 1):
2026-02-14T10:33:35.217Z LOG [RouterExplorer] Mapped {/api/units/create, POST} (version: 1) route
2026-02-14T10:33:35.217Z LOG [RouterExplorer] Mapped {/api/units/list, GET} (version: 1) route
2026-02-14T10:33:35.217Z LOG [RouterExplorer] Mapped {/api/units/get/:unit_id, GET} (version: 1) route
2026-02-14T10:33:35.217Z LOG [RouterExplorer] Mapped {/api/units/delete/:unit_id, DELETE} (version: 1) route
2026-02-14T10:33:35.217Z LOG [RoutesResolver] AuthController {/api/auth} (version: 1):
2026-02-14T10:33:35.217Z LOG [RouterExplorer] Mapped {/api/auth/login, POST} (version: 1) route
2026-02-14T10:33:35.218Z LOG [NestApplication] Nest application successfully started
2026-02-14T10:33:35.220Z ERROR [NestApplication] Error: listen EADDRINUSE: address already in use :::3010
2026-02-14T10:34:29.549Z LOG [NestFactory] Starting Nest application...
2026-02-14T10:34:29.557Z LOG [InstanceLoader] ThrottlerModule dependencies initialized
2026-02-14T10:34:29.557Z LOG [InstanceLoader] ConfigHostModule dependencies initialized
2026-02-14T10:34:29.557Z LOG [InstanceLoader] AppModule dependencies initialized
2026-02-14T10:34:29.557Z LOG [InstanceLoader] ConfigModule dependencies initialized
2026-02-14T10:34:29.557Z LOG [InstanceLoader] ConfigModule dependencies initialized
2026-02-14T10:34:29.559Z LOG [InstanceLoader] PrismaModule dependencies initialized
2026-02-14T10:34:29.560Z LOG [InstanceLoader] HealthModule dependencies initialized
2026-02-14T10:34:29.560Z LOG [InstanceLoader] UsersModule dependencies initialized
2026-02-14T10:34:29.560Z LOG [InstanceLoader] AuthModule dependencies initialized
2026-02-14T10:34:29.560Z LOG [InstanceLoader] ItemsGroupMasterModule dependencies initialized
2026-02-14T10:34:29.560Z LOG [InstanceLoader] ItemsBrandMasterModule dependencies initialized
2026-02-14T10:34:29.561Z LOG [InstanceLoader] ItemsSectionMasterModule dependencies initialized
2026-02-14T10:34:29.561Z LOG [InstanceLoader] UnitsMasterModule dependencies initialized
2026-02-14T10:34:29.593Z LOG [RoutesResolver] HealthController {/api/health} (version: 1):
2026-02-14T10:34:29.593Z LOG [RouterExplorer] Mapped {/api/health, GET} (version: 1) route
2026-02-14T10:34:29.593Z LOG [RoutesResolver] UsersController {/api/users} (version: 1):
2026-02-14T10:34:29.594Z LOG [RouterExplorer] Mapped {/api/users, POST} (version: 1) route
2026-02-14T10:34:29.594Z LOG [RouterExplorer] Mapped {/api/users, GET} (version: 1) route
2026-02-14T10:34:29.594Z LOG [RouterExplorer] Mapped {/api/users/:id, GET} (version: 1) route
2026-02-14T10:34:29.594Z LOG [RouterExplorer] Mapped {/api/users/:id, PATCH} (version: 1) route
2026-02-14T10:34:29.595Z LOG [RouterExplorer] Mapped {/api/users/:id, DELETE} (version: 1) route
2026-02-14T10:34:29.595Z LOG [RoutesResolver] ItemsGroupMasterController {/api/item-groups} (version: 1):
2026-02-14T10:34:29.595Z LOG [RouterExplorer] Mapped {/api/item-groups/create, POST} (version: 1) route
2026-02-14T10:34:29.595Z LOG [RouterExplorer] Mapped {/api/item-groups/list, GET} (version: 1) route
2026-02-14T10:34:29.595Z LOG [RouterExplorer] Mapped {/api/item-groups/get/:itg_id, GET} (version: 1) route
2026-02-14T10:34:29.595Z LOG [RouterExplorer] Mapped {/api/item-groups/delete/:itg_id, DELETE} (version: 1) route
2026-02-14T10:34:29.596Z LOG [RoutesResolver] ItemsBrandMasterController {/api/item-brands} (version: 1):
2026-02-14T10:34:29.596Z LOG [RouterExplorer] Mapped {/api/item-brands/create, POST} (version: 1) route
2026-02-14T10:34:29.596Z LOG [RouterExplorer] Mapped {/api/item-brands/list, GET} (version: 1) route
2026-02-14T10:34:29.596Z LOG [RouterExplorer] Mapped {/api/item-brands/get/:brand_id, GET} (version: 1) route
2026-02-14T10:34:29.596Z LOG [RouterExplorer] Mapped {/api/item-brands/delete/:brand_id, DELETE} (version: 1) route
2026-02-14T10:34:29.596Z LOG [RoutesResolver] ItemsSectionMasterController {/api/item-sections} (version: 1):
2026-02-14T10:34:29.596Z LOG [RouterExplorer] Mapped {/api/item-sections/create, POST} (version: 1) route
2026-02-14T10:34:29.596Z LOG [RouterExplorer] Mapped {/api/item-sections/list, GET} (version: 1) route
2026-02-14T10:34:29.597Z LOG [RouterExplorer] Mapped {/api/item-sections/get/:sec_id, GET} (version: 1) route
2026-02-14T10:34:29.597Z LOG [RouterExplorer] Mapped {/api/item-sections/delete/:sec_id, DELETE} (version: 1) route
2026-02-14T10:34:29.597Z LOG [RoutesResolver] UnitsMasterController {/api/units} (version: 1):
2026-02-14T10:34:29.597Z LOG [RouterExplorer] Mapped {/api/units/create, POST} (version: 1) route
2026-02-14T10:34:29.597Z LOG [RouterExplorer] Mapped {/api/units/list, GET} (version: 1) route
2026-02-14T10:34:29.597Z LOG [RouterExplorer] Mapped {/api/units/get/:unit_id, GET} (version: 1) route
2026-02-14T10:34:29.597Z LOG [RouterExplorer] Mapped {/api/units/delete/:unit_id, DELETE} (version: 1) route
2026-02-14T10:34:29.598Z LOG [RoutesResolver] AuthController {/api/auth} (version: 1):
2026-02-14T10:34:29.598Z LOG [RouterExplorer] Mapped {/api/auth/login, POST} (version: 1) route
2026-02-14T10:34:29.599Z LOG [NestApplication] Nest application successfully started
2026-02-14T10:34:29.808Z LOG [Bootstrap] API docs URL: https://[::1]:3010/api/docs
2026-02-14T10:34:29.808Z LOG [Bootstrap] DB connected: true
2026-02-14T10:34:42.830Z LOG [RequestLoggerMiddleware] GET /api/v1/item-groups/list 304 - 11.3ms
2026-02-14T10:34:47.653Z LOG [RequestLoggerMiddleware] GET /api/v1/item-groups/list?search=t 200 - 6.8ms
2026-02-14T10:34:49.992Z LOG [RequestLoggerMiddleware] GET /api/v1/item-groups/list?search=te 200 - 3.3ms
2026-02-14T10:34:54.534Z LOG [RequestLoggerMiddleware] GET /api/v1/item-groups/list?search=t 304 - 3.1ms
2026-02-14T10:34:56.447Z LOG [RequestLoggerMiddleware] GET /api/v1/item-groups/list 304 - 3.5ms
2026-02-14T10:35:18.297Z LOG [RequestLoggerMiddleware] GET /api/v1/item-groups/list?search=hgh 200 - 2.8ms
2026-02-14T10:35:20.975Z LOG [RequestLoggerMiddleware] GET /api/v1/item-groups/list 304 - 3.0ms
2026-02-14T10:38:29.219Z LOG [RequestLoggerMiddleware] GET /api/v1/item-groups/list 304 - 3.7ms
2026-02-14T10:40:08.007Z LOG [RequestLoggerMiddleware] GET /api/v1/item-groups/list 304 - 8.5ms
2026-02-14T10:40:24.269Z LOG [RequestLoggerMiddleware] GET /api/v1/item-groups/list 304 - 5.0ms
2026-02-14T10:40:44.898Z LOG [RequestLoggerMiddleware] GET /api/v1/item-groups/list 304 - 2.8ms
2026-02-14T10:40:49.186Z LOG [RequestLoggerMiddleware] GET /api/v1/item-groups/list 304 - 2.5ms
2026-02-14T10:41:31.741Z LOG [RequestLoggerMiddleware] GET /api/v1/item-groups/list 304 - 2.7ms
2026-02-14T10:41:50.651Z LOG [RequestLoggerMiddleware] GET /api/v1/item-groups/list?search=t 304 - 3.1ms
2026-02-14T10:41:52.559Z LOG [RequestLoggerMiddleware] GET /api/v1/item-groups/list?search=tr 200 - 2.6ms
2026-02-14T10:41:53.980Z LOG [RequestLoggerMiddleware] GET /api/v1/item-groups/list?search=trtr 200 - 2.7ms
2026-02-14T10:41:56.133Z LOG [RequestLoggerMiddleware] GET /api/v1/item-groups/list?search=trt 200 - 2.7ms
2026-02-14T10:41:57.261Z LOG [RequestLoggerMiddleware] GET /api/v1/item-groups/list?search=tr 304 - 2.5ms
2026-02-14T10:41:58.062Z LOG [RequestLoggerMiddleware] GET /api/v1/item-groups/list?search=t 304 - 2.9ms
2026-02-14T10:42:01.175Z LOG [RequestLoggerMiddleware] GET /api/v1/item-groups/list 304 - 2.3ms
2026-02-14T10:43:04.851Z LOG [RequestLoggerMiddleware] GET /api/v1/item-groups/list 304 - 2.4ms
2026-02-14T10:43:13.190Z LOG [RequestLoggerMiddleware] GET /api/v1/item-groups/list 304 - 2.1ms
2026-02-14T10:43:18.519Z LOG [RequestLoggerMiddleware] GET /api/v1/item-groups/list 304 - 2.9ms
2026-02-14T10:43:22.347Z LOG [RequestLoggerMiddleware] GET /api/v1/item-groups/list 304 - 2.5ms
2026-02-14T11:04:59.396Z LOG [RequestLoggerMiddleware] GET /api/v1/item-groups/list 304 - 8.3ms
2026-02-14T11:12:03.670Z LOG [RequestLoggerMiddleware] GET /api/v1/item-groups/list 304 - 7.7ms
2026-02-14T11:13:38.039Z LOG [RequestLoggerMiddleware] GET /api/v1/item-groups/list 304 - 4.3ms
2026-02-14T11:16:06.360Z LOG [RequestLoggerMiddleware] GET /api/v1/item-groups/list 304 - 2.1ms
2026-02-14T11:18:58.621Z LOG [RequestLoggerMiddleware] GET /api/v1/item-groups/list 304 - 7.6ms
2026-02-14T11:19:11.541Z LOG [RequestLoggerMiddleware] GET /api/v1/item-groups/list 304 - 2.7ms
2026-02-14T11:19:52.088Z LOG [RequestLoggerMiddleware] POST /api/v1/item-groups/create 201 - 4.1ms
2026-02-14T11:19:52.097Z LOG [RequestLoggerMiddleware] GET /api/v1/item-groups/list 200 - 4.6ms
2026-02-14T11:25:13.412Z LOG [RequestLoggerMiddleware] GET /api/v1/item-groups/list?search=kj 200 - 9.3ms
2026-02-14T11:25:16.083Z LOG [RequestLoggerMiddleware] GET /api/v1/item-groups/list?search=k 200 - 3.1ms
2026-02-14T11:28:10.779Z LOG [RequestLoggerMiddleware] GET /api/v1/item-groups/list 304 - 2.6ms
2026-02-14T11:47:26.903Z LOG [RequestLoggerMiddleware] GET /api/v1/item-groups/list 200 - 11.2ms
2026-02-14T11:53:52.318Z LOG [RequestLoggerMiddleware] GET /api/v1/item-groups/list 304 - 9.3ms
2026-02-14T11:53:55.490Z LOG [RequestLoggerMiddleware] GET /api/v1/item-groups/list 304 - 2.9ms
2026-02-14T11:53:56.696Z LOG [RequestLoggerMiddleware] GET /api/v1/item-groups/list 304 - 2.8ms
2026-02-14T11:56:44.841Z LOG [RequestLoggerMiddleware] GET /api/v1/item-groups/list 304 - 3.1ms
2026-02-14T11:57:04.270Z LOG [RequestLoggerMiddleware] GET /api/v1/item-groups/list 304 - 2.6ms
2026-02-14T11:59:25.441Z LOG [RequestLoggerMiddleware] GET /api/v1/item-groups/list 200 - 8.1ms
2026-02-14T11:59:25.701Z LOG [RequestLoggerMiddleware] GET /api/v1/item-groups/list 304 - 2.3ms
2026-02-14T11:59:29.854Z LOG [RequestLoggerMiddleware] GET /api/v1/item-groups/list 304 - 2.8ms
2026-02-14T12:02:34.142Z LOG [RequestLoggerMiddleware] GET /api/v1/item-groups/list 304 - 2.3ms
2026-02-14T12:02:34.145Z LOG [RequestLoggerMiddleware] GET /api/v1/item-groups/list 200 - 6.6ms
2026-02-14T12:03:26.315Z LOG [RequestLoggerMiddleware] GET /api/v1/item-groups/list 304 - 2.9ms
2026-02-14T12:04:09.193Z LOG [RequestLoggerMiddleware] POST /api/v1/item-groups/create 201 - 6.0ms
2026-02-14T12:04:09.202Z LOG [RequestLoggerMiddleware] GET /api/v1/item-groups/list 200 - 4.1ms
2026-02-14T12:05:20.091Z LOG [RequestLoggerMiddleware] POST /api/v1/item-groups/create 201 - 8.1ms
2026-02-14T12:05:20.109Z LOG [RequestLoggerMiddleware] GET /api/v1/item-groups/list 200 - 7.5ms
